{
  "version": "1.5.0",
  "plugins_used": [
    {
      "name": "ArtifactoryDetector"
    },
    {
      "name": "AWSKeyDetector"
    },
    {
      "name": "AzureStorageKeyDetector"
    },
    {
      "name": "Base64HighEntropyString",
      "limit": 4.5
    },
    {
      "name": "BasicAuthDetector"
    },
    {
      "name": "CloudantDetector"
    },
    {
      "name": "DiscordBotTokenDetector"
    },
    {
      "name": "GitHubTokenDetector"
    },
    {
      "name": "GitLabTokenDetector"
    },
    {
      "name": "HexHighEntropyString",
      "limit": 3.0
    },
    {
      "name": "IbmCloudIamDetector"
    },
    {
      "name": "IbmCosHmacDetector"
    },
    {
      "name": "IPPublicDetector"
    },
    {
      "name": "JwtTokenDetector"
    },
    {
      "name": "KeywordDetector",
      "keyword_exclude": ""
    },
    {
      "name": "MailchimpDetector"
    },
    {
      "name": "NpmDetector"
    },
    {
      "name": "OpenAIDetector"
    },
    {
      "name": "PrivateKeyDetector"
    },
    {
      "name": "PypiTokenDetector"
    },
    {
      "name": "SendGridDetector"
    },
    {
      "name": "SlackDetector"
    },
    {
      "name": "SoftlayerDetector"
    },
    {
      "name": "SquareOAuthDetector"
    },
    {
      "name": "StripeDetector"
    },
    {
      "name": "TelegramBotTokenDetector"
    },
    {
      "name": "TwilioKeyDetector"
    }
  ],
  "filters_used": [
    {
      "path": "detect_secrets.filters.allowlist.is_line_allowlisted"
    },
    {
      "path": "detect_secrets.filters.common.is_ignored_due_to_verification_policies",
      "min_level": 2
    },
    {
      "path": "detect_secrets.filters.heuristic.is_indirect_reference"
    },
    {
      "path": "detect_secrets.filters.heuristic.is_likely_id_string"
    },
    {
      "path": "detect_secrets.filters.heuristic.is_lock_file"
    },
    {
      "path": "detect_secrets.filters.heuristic.is_not_alphanumeric_string"
    },
    {
      "path": "detect_secrets.filters.heuristic.is_potential_uuid"
    },
    {
      "path": "detect_secrets.filters.heuristic.is_prefixed_with_dollar_sign"
    },
    {
      "path": "detect_secrets.filters.heuristic.is_sequential_string"
    },
    {
      "path": "detect_secrets.filters.heuristic.is_swagger_file"
    },
    {
      "path": "detect_secrets.filters.heuristic.is_templated_secret"
    }
  ],
  "results": {
    "skills\\physical-ai-defect-image-generation\\assets\\cookbooks\\pcb\\0603_H100\\pcba_target.yaml": [
      {
        "type": "Base64 High Entropy String",
        "filename": "skills\\physical-ai-defect-image-generation\\assets\\cookbooks\\pcb\\0603_H100\\pcba_target.yaml",
        "hashed_secret": "33b5109c2c7a0f821f3a507504f39b8430137f33",
        "is_verified": false,
        "line_number": 9
      }
    ],
    "skills\\physical-ai-defect-image-generation\\assets\\cookbooks\\pcb\\0603_H100\\usd2roi_nvpcb.yaml": [
      {
        "type": "Base64 High Entropy String",
        "filename": "skills\\physical-ai-defect-image-generation\\assets\\cookbooks\\pcb\\0603_H100\\usd2roi_nvpcb.yaml",
        "hashed_secret": "303a1214fb14a8df2ff38a4d3dbda8863f28a03d",
        "is_verified": false,
        "line_number": 15
      },
      {
        "type": "Base64 High Entropy String",
        "filename": "skills\\physical-ai-defect-image-generation\\assets\\cookbooks\\pcb\\0603_H100\\usd2roi_nvpcb.yaml",
        "hashed_secret": "8de3ba5292464ae5ad817f1720ccfc1bfd1e6bfe",
        "is_verified": false,
        "line_number": 17
      },
      {
        "type": "Base64 High Entropy String",
        "filename": "skills\\physical-ai-defect-image-generation\\assets\\cookbooks\\pcb\\0603_H100\\usd2roi_nvpcb.yaml",
        "hashed_secret": "3c6a9391954b60d806c7991e4d826ab17fc11d4f",
        "is_verified": false,
        "line_number": 19
      },
      {
        "type": "Base64 High Entropy String",
        "filename": "skills\\physical-ai-defect-image-generation\\assets\\cookbooks\\pcb\\0603_H100\\usd2roi_nvpcb.yaml",
        "hashed_secret": "26570036ed9f81de1f643c1c82bf55059ab828ec",
        "is_verified": false,
        "line_number": 21
      },
      {
        "type": "Base64 High Entropy String",
        "filename": "skills\\physical-ai-defect-image-generation\\assets\\cookbooks\\pcb\\0603_H100\\usd2roi_nvpcb.yaml",
        "hashed_secret": "bbf9305a5732323f50c3e3c969ba4bed2d85eedf",
        "is_verified": false,
        "line_number": 23
      },
      {
        "type": "Base64 High Entropy String",
        "filename": "skills\\physical-ai-defect-image-generation\\assets\\cookbooks\\pcb\\0603_H100\\usd2roi_nvpcb.yaml",
        "hashed_secret": "2c58fd83bfede25c9b8d28a0a457baf7bd1f6498",
        "is_verified": false,
        "line_number": 25
      },
      {
        "type": "Base64 High Entropy String",
        "filename": "skills\\physical-ai-defect-image-generation\\assets\\cookbooks\\pcb\\0603_H100\\usd2roi_nvpcb.yaml",
        "hashed_secret": "9ca9e772f7cb35369de5179aa09e8305d090101c",
        "is_verified": false,
        "line_number": 27
      }
    ],
    "skills\\physical-ai-defect-image-generation\\assets\\cookbooks\\pcb\\1152819000\\pcba_target.yaml": [
      {
        "type": "Base64 High Entropy String",
        "filename": "skills\\physical-ai-defect-image-generation\\assets\\cookbooks\\pcb\\1152819000\\pcba_target.yaml",
        "hashed_secret": "33b5109c2c7a0f821f3a507504f39b8430137f33",
        "is_verified": false,
        "line_number": 9
      }
    ],
    "skills\\physical-ai-defect-image-generation\\assets\\cookbooks\\pcb\\1152819000\\usd2roi_nvpcb.yaml": [
      {
        "type": "Base64 High Entropy String",
        "filename": "skills\\physical-ai-defect-image-generation\\assets\\cookbooks\\pcb\\1152819000\\usd2roi_nvpcb.yaml",
        "hashed_secret": "5650884ca2f658894f50f7796c73c49fcd186f7e",
        "is_verified": false,
        "line_number": 15
      },
      {
        "type": "Base64 High Entropy String",
        "filename": "skills\\physical-ai-defect-image-generation\\assets\\cookbooks\\pcb\\1152819000\\usd2roi_nvpcb.yaml",
        "hashed_secret": "612e369436b7b6f5c7371f8d3a52c4ed674449ac",
        "is_verified": false,
        "line_number": 17
      },
      {
        "type": "Base64 High Entropy String",
        "filename": "skills\\physical-ai-defect-image-generation\\assets\\cookbooks\\pcb\\1152819000\\usd2roi_nvpcb.yaml",
        "hashed_secret": "54dda22b139779f4fca3f0280a3c9fb683381fc6",
        "is_verified": false,
        "line_number": 19
      }
    ],
    "skills\\physical-ai-defect-image-generation\\references\\nim\\qwen-image-edit-nvpcb-ovsl2sl.yaml": [
      {
        "type": "Secret Keyword",
        "filename": "skills\\physical-ai-defect-image-generation\\references\\nim\\qwen-image-edit-nvpcb-ovsl2sl.yaml",
        "hashed_secret": "17ecf43a26927a74506748badd355fe3a8a48f17",
        "is_verified": false,
        "line_number": 29
      }
    ],
    "skills\\physical-ai-defect-image-generation\\skill.oms.sig": [
      {
        "type": "Base64 High Entropy String",
        "filename": "skills\\physical-ai-defect-image-generation\\skill.oms.sig",
        "hashed_secret": "27f279def1dd10c0eccc0f7aafc4ca12be645f5b",
        "is_verified": false,
        "line_number": 1
      },
      {
        "type": "Base64 High Entropy String",
        "filename": "skills\\physical-ai-defect-image-generation\\skill.oms.sig",
        "hashed_secret": "293030bcf605f6b571cfd92b6c31e980c8edba61",
        "is_verified": false,
        "line_number": 1
      },
      {
        "type": "Base64 High Entropy String",
        "filename": "skills\\physical-ai-defect-image-generation\\skill.oms.sig",
        "hashed_secret": "83c10c2f7bd90e2a691dc10be6bf6edc5b218029",
        "is_verified": false,
        "line_number": 1
      },
      {
        "type": "Base64 High Entropy String",
        "filename": "skills\\physical-ai-defect-image-generation\\skill.oms.sig",
        "hashed_secret": "aa3ab3dc5a0b80e649347edd60beb7ee1bd57781",
        "is_verified": false,
        "line_number": 1
      },
      {
        "type": "Base64 High Entropy String",
        "filename": "skills\\physical-ai-defect-image-generation\\skill.oms.sig",
        "hashed_secret": "db36278959ea4d6a27951ea31a22b786749bdb26",
        "is_verified": false,
        "line_number": 1
      }
    ],
    "skills\\physical-ai-video-data-augmentation\\assets\\configs\\osmo\\augmentation_and_al.yaml": [
      {
        "type": "Secret Keyword",
        "filename": "skills\\physical-ai-video-data-augmentation\\assets\\configs\\osmo\\augmentation_and_al.yaml",
        "hashed_secret": "66a36e77fd002579809717841f998f4d21cd5913",
        "is_verified": false,
        "line_number": 39
      }
    ],
    "skills\\physical-ai-video-data-augmentation\\assets\\configs\\osmo\\augmentation_and_pl.yaml": [
      {
        "type": "Secret Keyword",
        "filename": "skills\\physical-ai-video-data-augmentation\\assets\\configs\\osmo\\augmentation_and_pl.yaml",
        "hashed_secret": "66a36e77fd002579809717841f998f4d21cd5913",
        "is_verified": false,
        "line_number": 39
      }
    ],
    "skills\\physical-ai-video-data-augmentation\\assets\\configs\\osmo\\auto_labeling.yaml": [
      {
        "type": "Secret Keyword",
        "filename": "skills\\physical-ai-video-data-augmentation\\assets\\configs\\osmo\\auto_labeling.yaml",
        "hashed_secret": "66a36e77fd002579809717841f998f4d21cd5913",
        "is_verified": false,
        "line_number": 29
      }
    ],
    "skills\\physical-ai-video-data-augmentation\\assets\\configs\\osmo\\e2e.yaml": [
      {
        "type": "Secret Keyword",
        "filename": "skills\\physical-ai-video-data-augmentation\\assets\\configs\\osmo\\e2e.yaml",
        "hashed_secret": "66a36e77fd002579809717841f998f4d21cd5913",
        "is_verified": false,
        "line_number": 39
      }
    ],
    "skills\\physical-ai-video-data-augmentation\\assets\\configs\\osmo\\e2e_super_resolution.yaml": [
      {
        "type": "Secret Keyword",
        "filename": "skills\\physical-ai-video-data-augmentation\\assets\\configs\\osmo\\e2e_super_resolution.yaml",
        "hashed_secret": "66a36e77fd002579809717841f998f4d21cd5913",
        "is_verified": false,
        "line_number": 39
      }
    ],
    "skills\\physical-ai-video-data-augmentation\\assets\\configs\\osmo\\setup_model_cache.yaml": [
      {
        "type": "Secret Keyword",
        "filename": "skills\\physical-ai-video-data-augmentation\\assets\\configs\\osmo\\setup_model_cache.yaml",
        "hashed_secret": "66a36e77fd002579809717841f998f4d21cd5913",
        "is_verified": false,
        "line_number": 25
      }
    ],
    "skills\\physical-ai-video-data-augmentation\\skill.oms.sig": [
      {
        "type": "Base64 High Entropy String",
        "filename": "skills\\physical-ai-video-data-augmentation\\skill.oms.sig",
        "hashed_secret": "27f279def1dd10c0eccc0f7aafc4ca12be645f5b",
        "is_verified": false,
        "line_number": 1
      },
      {
        "type": "Base64 High Entropy String",
        "filename": "skills\\physical-ai-video-data-augmentation\\skill.oms.sig",
        "hashed_secret": "aa3ab3dc5a0b80e649347edd60beb7ee1bd57781",
        "is_verified": false,
        "line_number": 1
      },
      {
        "type": "Base64 High Entropy String",
        "filename": "skills\\physical-ai-video-data-augmentation\\skill.oms.sig",
        "hashed_secret": "db089c0dc60cfc60b829288a4788aab0970ff1cf",
        "is_verified": false,
        "line_number": 1
      },
      {
        "type": "Base64 High Entropy String",
        "filename": "skills\\physical-ai-video-data-augmentation\\skill.oms.sig",
        "hashed_secret": "db36278959ea4d6a27951ea31a22b786749bdb26",
        "is_verified": false,
        "line_number": 1
      },
      {
        "type": "Base64 High Entropy String",
        "filename": "skills\\physical-ai-video-data-augmentation\\skill.oms.sig",
        "hashed_secret": "db508944578e7712b642b314702616ffef4ced0e",
        "is_verified": false,
        "line_number": 1
      }
    ]
  },
  "generated_at": "2026-06-19T16:08:09Z"
}
